\BOOKMARK [0][-]{chapter.1}{\376\377\000I\000N\000T\000R\000O\000D\000U\000\307\000\303\000O}{}% 1
\BOOKMARK [0][-]{chapter.2}{\376\377\000F\000U\000N\000D\000A\000M\000E\000N\000T\000A\000\307\000\303\000O\000\040\000T\000E\000\323\000R\000I\000C\000A}{}% 2
\BOOKMARK [1][-]{section.2.1}{\376\377\000T\000E\000O\000R\000I\000A\000\040\000D\000O\000\040\000F\000U\000N\000C\000I\000O\000N\000A\000L\000\040\000D\000A\000\040\000D\000E\000N\000S\000I\000D\000A\000D\000E}{chapter.2}% 3
\BOOKMARK [2][-]{subsection.2.1.1}{\376\377\000E\000q\000u\000a\000\347\000\343\000o\000\040\000d\000e\000\040\000K\000o\000h\000n\000-\000S\000h\000a\000m}{section.2.1}% 4
\BOOKMARK [1][-]{section.2.2}{\376\377\000T\000E\000R\000M\000O\000D\000I\000N\000\302\000M\000I\000C\000A\000\040\000A\000T\000O\000M\000\315\000S\000T\000I\000C\000A\000\040\000D\000E\000\040\000P\000R\000I\000M\000E\000I\000R\000O\000S\000\040\000P\000R\000I\000N\000C\000\315\000P\000I\000O\000S}{chapter.2}% 5
\BOOKMARK [2][-]{subsection.2.2.1}{\376\377\000E\000n\000e\000r\000g\000i\000a\000\040\000l\000i\000v\000r\000e\000\040\000d\000e\000\040\000G\000i\000b\000s\000s\000\040\000d\000e\000\040\000s\000u\000p\000e\000r\000f\000\355\000c\000i\000e}{section.2.2}% 6
\BOOKMARK [1][-]{section.2.3}{\376\377\000D\000I\000N\000\302\000M\000I\000C\000A\000\040\000M\000O\000L\000E\000C\000U\000L\000A\000R\000\040\000Q\000U\000\302\000N\000T\000I\000C\000A}{chapter.2}% 7
\BOOKMARK [1][-]{section.2.4}{\376\377\000M\000\311\000T\000O\000D\000O\000\040\000N\000U\000D\000G\000E\000D\000\040\000E\000L\000A\000S\000T\000I\000C\000\040\000B\000A\000N\000D}{chapter.2}% 8
\BOOKMARK [0][-]{chapter.3}{\376\377\000O\000B\000J\000E\000T\000I\000V\000O\000S}{}% 9
\BOOKMARK [1][-]{section.3.1}{\376\377\000O\000B\000J\000E\000T\000I\000V\000O\000\040\000G\000E\000R\000A\000L}{chapter.3}% 10
\BOOKMARK [1][-]{section.3.2}{\376\377\000O\000B\000J\000E\000T\000I\000V\000O\000S\000\040\000E\000S\000P\000E\000C\000\315\000F\000I\000C\000O\000S}{chapter.3}% 11
\BOOKMARK [0][-]{chapter.4}{\376\377\000M\000E\000T\000O\000D\000O\000L\000O\000G\000I\000A}{}% 12
\BOOKMARK [1][-]{section.4.1}{\376\377\000P\000R\000O\000C\000E\000D\000I\000M\000E\000N\000T\000O\000\040\000C\000O\000M\000P\000U\000T\000A\000C\000I\000O\000N\000A\000L}{chapter.4}% 13
\BOOKMARK [1][-]{section.4.2}{\376\377\000S\000I\000M\000U\000L\000A\000\307\000\325\000E\000S\000\040\000D\000A\000S\000\040\000P\000R\000O\000P\000R\000I\000E\000D\000A\000D\000E\000S\000\040\000E\000S\000T\000R\000U\000T\000U\000R\000A\000S\000I\000\040\000E\000\040\000M\000O\000R\000F\000O\000L\000\323\000G\000I\000C\000A\000S}{chapter.4}% 14
\BOOKMARK [2][-]{subsection.4.2.1}{\376\377\000O\000t\000i\000m\000i\000z\000a\000\347\000\343\000o\000\040\000d\000a\000s\000\040\000e\000s\000t\000r\000u\000t\000u\000r\000a\000s\000\040\000i\000n\000t\000e\000r\000n\000a\000s\000\040\000\050\000b\000u\000l\000k\000\051}{section.4.2}% 15
\BOOKMARK [2][-]{subsection.4.2.2}{\376\377\000C\000o\000n\000s\000t\000r\000u\000\347\000\343\000o\000\040\000d\000a\000s\000\040\000s\000u\000p\000e\000r\000f\000\355\000c\000i\000e\000s\000\040\000e\000\040\000e\000s\000t\000u\000d\000o\000\040\000d\000e\000\040\000e\000s\000t\000a\000b\000i\000l\000i\000d\000a\000d\000e\000\040}{section.4.2}% 16
\BOOKMARK [2][-]{subsection.4.2.3}{\376\377\000C\000\341\000l\000c\000u\000l\000o\000\040\000d\000e\000\040\000e\000n\000e\000r\000g\000i\000a\000\040\000d\000e\000\040\000r\000e\000l\000a\000x\000a\000\347\000\343\000o\000\040\000e\000\040\000c\000l\000i\000v\000a\000g\000e\000m\000\040\000d\000a\000s\000\040\000s\000u\000p\000e\000r\000f\000\355\000c\000i\000e\000s}{section.4.2}% 17
\BOOKMARK [2][-]{subsection.4.2.4}{\376\377\000D\000i\000n\000\342\000m\000i\000c\000a\000\040\000M\000o\000l\000e\000c\000u\000l\000a\000r\000\040\000A\000b\000\040\000I\000n\000i\000t\000i\000o}{section.4.2}% 18
\BOOKMARK [1][-]{section.4.3}{\376\377\000S\000I\000M\000U\000L\000A\000\307\000\325\000E\000S\000\040\000D\000A\000\040\000R\000E\000A\000T\000I\000V\000I\000D\000A\000D\000E\000\040\000P\000A\000R\000A\000\040\000G\000E\000R\000A\000\307\000\303\000O\000\040\000D\000E\000\040\000E\000S\000P\000\311\000C\000I\000E\000S\000\040\000R\000E\000A\000T\000I\000V\000A\000S\000\040\000D\000E\000\040\000O\000X\000I\000G\000\312\000N\000I\000O}{chapter.4}% 19
\BOOKMARK [2][-]{subsection.4.3.1}{\376\377\000D\000e\000t\000e\000r\000m\000i\000n\000a\000\347\000\343\000o\000\040\000d\000e\000\040\000s\000\355\000t\000i\000o\000s\000\040\000d\000e\000\040\000a\000d\000s\000o\000r\000\347\000\343\000o}{section.4.3}% 20
\BOOKMARK [2][-]{subsection.4.3.2}{\376\377\000D\000e\000t\000e\000r\000m\000i\000n\000a\000\347\000\343\000o\000\040\000d\000o\000s\000\040\000s\000\355\000t\000i\000o\000s\000\040\000d\000e\000\040\000a\000d\000s\000o\000r\000\347\000\343\000o\000\040\000d\000e\000\040\000O\0002\000\040\000e\000\040\000H\0002\000O}{section.4.3}% 21
\BOOKMARK [2][-]{subsection.4.3.3}{\376\377\000D\000e\000t\000e\000r\000m\000i\000n\000a\000\347\000\343\000o\000\040\000d\000o\000s\000\040\000e\000s\000t\000a\000d\000o\000s\000\040\000d\000e\000\040\000t\000r\000a\000n\000s\000i\000\347\000\343\000o}{section.4.3}% 22
\BOOKMARK [0][-]{chapter.5}{\376\377\000R\000E\000S\000U\000L\000T\000A\000D\000O\000S\000\040\000E\000\040\000D\000I\000S\000C\000U\000S\000S\000\303\000O}{}% 23
\BOOKMARK [1][-]{section.5.1}{\376\377\000S\000I\000M\000U\000L\000A\000\307\000\325\000E\000S\000\040\000D\000A\000S\000\040\000P\000R\000O\000P\000R\000I\000E\000D\000A\000D\000E\000S\000\040\000E\000S\000T\000R\000U\000T\000U\000R\000A\000I\000S\000\040\000E\000\040\000M\000O\000R\000F\000L\000\323\000G\000I\000C\000A\000S\000\040\000D\000O\000\040\000Z\000n\000W\000O\0004}{chapter.5}% 24
\BOOKMARK [2][-]{subsection.5.1.1}{\376\377\000O\000t\000i\000m\000i\000z\000a\000\347\000\343\000o\000\040\000d\000a\000\040\000e\000s\000t\000r\000u\000t\000u\000r\000a\000\040\000i\000n\000t\000e\000r\000n\000a}{section.5.1}% 25
\BOOKMARK [2][-]{subsection.5.1.2}{\376\377\000C\000o\000n\000s\000t\000r\000u\000\347\000\343\000o\000\040\000d\000a\000s\000\040\000s\000u\000p\000e\000r\000f\000\355\000c\000i\000e\000s\000\040\000e\000\040\000e\000s\000t\000u\000d\000o\000\040\000d\000e\000\040\000e\000s\000t\000a\000b\000i\000l\000i\000d\000a\000d\000e}{section.5.1}% 26
\BOOKMARK [3][-]{subsubsection.5.1.2.1}{\376\377\000E\000s\000t\000u\000d\000o\000\040\000d\000e\000\040\000e\000s\000t\000a\000b\000i\000l\000i\000d\000a\000d\000e\000\040\000s\000u\000p\000e\000r\000f\000\355\000c\000i\000e\000\040\000\050\0000\0000\0001\000\051}{subsection.5.1.2}% 27
\BOOKMARK [3][-]{subsubsection.5.1.2.2}{\376\377\000E\000s\000t\000u\000d\000o\000\040\000d\000e\000\040\000e\000s\000t\000a\000b\000i\000l\000i\000d\000a\000d\000e\000\040\000s\000u\000p\000e\000r\000f\000\355\000c\000i\000e\000\040\000\050\0000\0001\0000\000\051}{subsection.5.1.2}% 28
\BOOKMARK [3][-]{subsubsection.5.1.2.3}{\376\377\000E\000s\000t\000u\000d\000o\000\040\000d\000e\000\040\000e\000s\000t\000a\000b\000i\000l\000i\000d\000a\000d\000e\000\040\000s\000u\000p\000e\000r\000f\000\355\000c\000i\000e\000\040\000\050\0000\0001\0001\000\051}{subsection.5.1.2}% 29
\BOOKMARK [3][-]{subsubsection.5.1.2.4}{\376\377\000E\000s\000t\000u\000d\000o\000\040\000d\000e\000\040\000e\000s\000t\000a\000b\000i\000l\000i\000d\000a\000d\000e\000\040\000s\000u\000p\000e\000r\000f\000\355\000c\000i\000e\000\040\000\050\0001\0000\0000\000\051}{subsection.5.1.2}% 30
\BOOKMARK [3][-]{subsubsection.5.1.2.5}{\376\377\000E\000s\000t\000u\000d\000o\000\040\000d\000e\000\040\000e\000s\000t\000a\000b\000i\000l\000i\000d\000a\000d\000e\000\040\000s\000u\000p\000e\000r\000f\000\355\000c\000i\000e\000\040\000\050\0001\0000\0001\000\051}{subsection.5.1.2}% 31
\BOOKMARK [3][-]{subsubsection.5.1.2.6}{\376\377\000E\000s\000t\000u\000d\000o\000\040\000d\000e\000\040\000e\000s\000t\000a\000b\000i\000l\000i\000d\000a\000d\000e\000\040\000s\000u\000p\000e\000r\000f\000\355\000c\000i\000e\000\040\000\050\0001\0001\0000\000\051}{subsection.5.1.2}% 32
\BOOKMARK [3][-]{subsubsection.5.1.2.7}{\376\377\000E\000s\000t\000u\000d\000o\000\040\000d\000e\000\040\000e\000s\000t\000a\000b\000i\000l\000i\000d\000a\000d\000e\000\040\000s\000u\000p\000e\000r\000f\000\355\000c\000i\000e\000\040\000\050\0001\0001\0001\000\051}{subsection.5.1.2}% 33
\BOOKMARK [0][-]{chapter.6}{\376\377\000C\000O\000N\000C\000L\000U\000S\000\303\000O}{}% 34
\BOOKMARK [0][-]{chapter*.23}{\376\377\000R\000E\000F\000E\000R\000\312\000N\000C\000I\000A\000S}{}% 35
